// Jest Snapshot v1, https://goo.gl/fbAQLP

exports[`renders correctly by default 1`] = `
<div class="el-select base-select">
  <!---->
  <div class="el-input el-input--suffix is-focus">
    <!----><input type="text" autocomplete="off" placeholder="请选择" class="el-input__inner">
    <!----><span class="el-input__suffix"><span class="el-input__suffix-inner"><i class="el-select__caret el-input__icon el-icon-arrow-up is-reverse"></i><!----><!----><!----><!----><!----></span>
    <!----></span>
    <!---->
    <!---->
  </div>
  <transition-stub name="el-zoom-in-top"></transition-stub>
</div>
`;
